// Jest Snapshot v1, https://goo.gl/fbAQLP

exports[`<HeaderWithOnlyText /> renders correctly 1`] = `
<View
  style={
    Object {
      "alignItems": "center",
      "backgroundColor": "#0Af",
      "height": 80,
      "justifyContent": "center",
      "position": "relative",
      "width": "100%",
    }
  }
>
  <Text
    style={
      Object {
        "color": "#fff",
        "fontSize": 26,
        "fontWeight": "bold",
      }
    }
  >
    Mock
  </Text>
</View>
`;
